============================= test session starts ==============================
platform linux -- Python 3.13.5, pytest-9.0.3, pluggy-1.6.0 -- /usr/bin/python3
cachedir: .pytest_cache
rootdir: /app/folder-time-editor
plugins: cov-7.1.0
collecting ... collected 113 items

tests/test_core.py::TestFileTimes::test_create_empty PASSED              [  0%]
tests/test_core.py::TestFileTimes::test_create_creation_only PASSED      [  1%]
tests/test_core.py::TestFileTimes::test_create_write_only PASSED         [  2%]
tests/test_core.py::TestFileTimes::test_create_access_only PASSED        [  3%]
tests/test_core.py::TestFileTimes::test_create_all_fields PASSED         [  4%]
tests/test_core.py::TestFileTimes::test_bool_false_when_all_none PASSED  [  5%]
tests/test_core.py::TestFileTimes::test_bool_true_with_creation PASSED   [  6%]
tests/test_core.py::TestFileTimes::test_bool_true_with_write PASSED      [  7%]
tests/test_core.py::TestFileTimes::test_bool_true_with_access PASSED     [  7%]
tests/test_core.py::TestFileTimes::test_dataclass_repr PASSED            [  8%]
tests/test_core.py::TestFileTimes::test_dataclass_equality PASSED        [  9%]
tests/test_core.py::TestAdjustTime::test_positive_delta PASSED           [ 10%]
tests/test_core.py::TestAdjustTime::test_negative_delta PASSED           [ 11%]
tests/test_core.py::TestAdjustTime::test_zero_delta PASSED               [ 12%]
tests/test_core.py::TestAdjustTime::test_large_delta_forward PASSED      [ 13%]
tests/test_core.py::TestAdjustTime::test_large_delta_backward PASSED     [ 14%]
tests/test_core.py::TestAdjustTime::test_with_timezone_aware PASSED      [ 15%]
tests/test_core.py::TestAdjustTime::test_microseconds PASSED             [ 15%]
tests/test_core.py::TestFilterPaths::test_exact_match PASSED             [ 16%]
tests/test_core.py::TestFilterPaths::test_wildcard_txt PASSED            [ 17%]
tests/test_core.py::TestFilterPaths::test_wildcard_prefix PASSED         [ 18%]
tests/test_core.py::TestFilterPaths::test_empty_list PASSED              [ 19%]
tests/test_core.py::TestFilterPaths::test_no_match PASSED                [ 20%]
tests/test_core.py::TestFilterPaths::test_match_all PASSED               [ 21%]
tests/test_core.py::TestFilterPaths::test_directories_in_path PASSED     [ 22%]
tests/test_core.py::TestFilterPaths::test_path_with_dots PASSED          [ 23%]
tests/test_core.py::TestWalkWithProgress::test_single_file PASSED        [ 23%]
tests/test_core.py::TestWalkWithProgress::test_empty_directory PASSED    [ 24%]
tests/test_core.py::TestWalkWithProgress::test_directory_with_files PASSED [ 25%]
tests/test_core.py::TestWalkWithProgress::test_nested_directories PASSED [ 26%]
tests/test_core.py::TestWalkWithProgress::test_nonexistent_path PASSED   [ 27%]
tests/test_core.py::TestWalkWithProgress::test_file_with_no_directory PASSED [ 28%]
tests/test_core.py::TestWalkWithProgress::test_multiple_subdirectories PASSED [ 29%]
tests/test_core.py::TestEnsureUnicode::test_bytes_input PASSED           [ 30%]
tests/test_core.py::TestEnsureUnicode::test_str_input PASSED             [ 30%]
tests/test_core.py::TestEnsureUnicode::test_unicode_chars PASSED         [ 31%]
tests/test_core.py::TestEnsureUnicode::test_bytes_with_unicode PASSED    [ 32%]
tests/test_core.py::TestEnsureUnicode::test_empty_string PASSED          [ 33%]
tests/test_core.py::TestEnsureUnicode::test_empty_bytes PASSED           [ 34%]
tests/test_core.py::TestIsWindows::test_on_linux_returns_false PASSED    [ 35%]
tests/test_core.py::TestIsWindows::test_mocked_returns_true PASSED       [ 36%]
tests/test_core.py::TestCheckPlatform::test_on_linux_prints_warning PASSED [ 37%]
tests/test_core.py::TestCheckPlatform::test_mocked_windows_prints_ok PASSED [ 38%]
tests/test_core.py::TestModuleExports::test_FileTimes_exported PASSED    [ 38%]
tests/test_core.py::TestModuleExports::test_TimestampHandler_exported PASSED [ 39%]
tests/test_core.py::TestModuleExports::test_all_contains_both PASSED     [ 40%]
tests/test_core.py::TestTimestampHandlerOnLinux::test_get_times_returns_none PASSED [ 41%]
tests/test_core.py::TestTimestampHandlerOnLinux::test_get_times_nonexistent_path PASSED [ 42%]
tests/test_core.py::TestTimestampHandlerOnLinux::test_set_times_returns_false PASSED [ 43%]
tests/test_core.py::TestTimestampHandlerOnLinux::test_batch_get_returns_empty PASSED [ 44%]
tests/test_core.py::TestTimestampHandlerOnLinux::test_batch_set_returns_empty PASSED [ 45%]
tests/test_core.py::TestTimestampHandlerOnLinux::test_backup_returns_none PASSED [ 46%]
tests/test_core.py::TestTimestampHandlerOnLinux::test_restore_last_returns_zero PASSED [ 46%]
tests/test_core.py::TestTimestampHandlerOnLinux::test_ensure_unicode_static PASSED [ 47%]
tests/test_core.py::TestTimestampHandlerWindowsMock::test_get_times_mocked PASSED [ 48%]
tests/test_core.py::TestTimestampHandlerWindowsMock::test_get_times_failure_mocked PASSED [ 49%]
tests/test_core.py::TestTimestampHandlerWindowsMock::test_set_times_mocked PASSED [ 50%]
tests/test_core.py::TestTimestampHandlerWindowsMock::test_set_times_failure_mocked PASSED [ 51%]
tests/test_core.py::TestTimestampHandlerWindowsMock::test_set_times_all_none PASSED [ 52%]
tests/test_core.py::TestTimestampHandlerWindowsMock::test_batch_get_mocked PASSED [ 53%]
tests/test_core.py::TestTimestampHandlerWindowsMock::test_batch_set_mocked PASSED [ 53%]
tests/test_core.py::TestTimestampHandlerWindowsMock::test_batch_set_with_progress_callback PASSED [ 54%]
tests/test_core.py::TestTimestampHandlerWindowsMock::test_backup_and_restore_mocked PASSED [ 55%]
tests/test_core.py::TestTimestampHandlerWindowsMock::test_restore_last_no_backup PASSED [ 56%]
tests/test_core.py::TestTimestampHandlerWindowsMock::test_restore_last_non_windows_returns_zero PASSED [ 57%]
tests/test_gui.py::TestGuiImports::test_gui_package_import PASSED        [ 58%]
tests/test_gui.py::TestGuiImports::test_gui_app_module_import PASSED     [ 59%]
tests/test_gui.py::TestGuiImports::test_gui_dialogs_module_import PASSED [ 60%]
tests/test_gui.py::TestGuiImports::test_gui_widgets_module_import PASSED [ 61%]
tests/test_gui.py::TestGuiImports::test_main_module_import PASSED        [ 61%]
tests/test_gui.py::TestGuiClassExistence::test_FolderTimeEditor_class_exists PASSED [ 62%]
tests/test_gui.py::TestGuiClassExistence::test_PreviewDialog_class_exists PASSED [ 63%]
tests/test_gui.py::TestGuiClassExistence::test_ProfileDialog_class_exists PASSED [ 64%]
tests/test_gui.py::TestGuiClassExistence::test_DateTimePicker_class_exists PASSED [ 65%]
tests/test_gui.py::TestGuiClassExistence::test_PathTreeView_class_exists PASSED [ 66%]
tests/test_gui.py::TestGuiClassExistence::test_LogWidget_class_exists PASSED [ 67%]
tests/test_gui.py::TestGuiClassExistence::test_StatusBar_class_exists PASSED [ 68%]
tests/test_gui.py::TestGuiClassExistence::test_DatePicker_class_exists PASSED [ 69%]
tests/test_gui.py::TestGuiClassExistence::test_TimeEntry_class_exists PASSED [ 69%]
tests/test_gui.py::TestGuiClassExistence::test_gui_all_export PASSED     [ 70%]
tests/test_gui.py::TestGuiConstantsAndBasics::test_app_has_docstring PASSED [ 71%]
tests/test_gui.py::TestGuiConstantsAndBasics::test_dialogs_has_docstring PASSED [ 72%]
tests/test_gui.py::TestGuiConstantsAndBasics::test_widgets_has_docstring PASSED [ 73%]
tests/test_gui.py::TestGuiConstantsAndBasics::test_LogWidget_styles_defined PASSED [ 74%]
tests/test_gui.py::TestGuiConstantsAndBasics::test_PathTreeView_columns_defined PASSED [ 75%]
tests/test_gui.py::TestGuiConstantsAndBasics::test_DateTimePicker_has_datetime_api PASSED [ 76%]
tests/test_gui.py::TestGuiConstantsAndBasics::test_FolderTimeEditor_format_size PASSED [ 76%]
tests/test_gui.py::TestWidgetInstantiation::test_DatePicker_instantiate SKIPPED [ 77%]
tests/test_gui.py::TestWidgetInstantiation::test_TimeEntry_instantiate SKIPPED [ 78%]
tests/test_gui.py::TestWidgetInstantiation::test_DateTimePicker_instantiate SKIPPED [ 79%]
tests/test_gui.py::TestWidgetInstantiation::test_DateTimePicker_get_datetime SKIPPED [ 80%]
tests/test_gui.py::TestWidgetInstantiation::test_DateTimePicker_set_datetime SKIPPED [ 81%]
tests/test_gui.py::TestWidgetInstantiation::test_DateTimePicker_disable SKIPPED [ 82%]
tests/test_gui.py::TestWidgetInstantiation::test_LogWidget_instantiate SKIPPED [ 83%]
tests/test_gui.py::TestWidgetInstantiation::test_LogWidget_log_methods SKIPPED [ 84%]
tests/test_gui.py::TestWidgetInstantiation::test_LogWidget_clear SKIPPED [ 84%]
tests/test_gui.py::TestWidgetInstantiation::test_StatusBar_instantiate SKIPPED [ 85%]
tests/test_gui.py::TestWidgetInstantiation::test_StatusBar_set_progress SKIPPED [ 86%]
tests/test_gui.py::TestWidgetInstantiation::test_StatusBar_set_stats SKIPPED [ 87%]
tests/test_gui.py::TestWidgetInstantiation::test_StatusBar_reset SKIPPED [ 88%]
tests/test_gui.py::TestWidgetInstantiation::test_PathTreeView_instantiate SKIPPED [ 89%]
tests/test_gui.py::TestWidgetInstantiation::test_PathTreeView_add_and_count SKIPPED [ 90%]
tests/test_gui.py::TestWidgetInstantiation::test_PathTreeView_get_all SKIPPED [ 91%]
tests/test_gui.py::TestWidgetInstantiation::test_PathTreeView_clear_all SKIPPED [ 92%]
tests/test_gui.py::TestWidgetInstantiation::test_PathTreeView_get_paths SKIPPED [ 92%]
tests/test_gui.py::TestMainWindow::test_app_creation SKIPPED (需要显...) [ 93%]
tests/test_gui.py::TestMainWindow::test_app_has_handler SKIPPED (需...)  [ 94%]
tests/test_gui.py::TestMainWindow::test_app_has_path_tree SKIPPED (...)  [ 95%]
tests/test_gui.py::TestMainWindow::test_app_has_log SKIPPED (需要显...)  [ 96%]
tests/test_gui.py::TestMainWindow::test_app_has_status_bar SKIPPED (...) [ 97%]
tests/test_gui.py::TestMainWindow::test_app_has_dt_pickers SKIPPED (...) [ 98%]
tests/test_gui.py::TestMainWindow::test_app_get_bg SKIPPED (需要显示...) [ 99%]
tests/test_gui.py::TestMainWindow::test_app_count_var SKIPPED (需要...)  [100%]

======================== 87 passed, 26 skipped in 0.07s ========================
